// Jest Snapshot v1, https://goo.gl/fbAQLP

exports[`Reducers matches authReducer snapshot 1`] = `undefined`;
